1001 - Algoritmos I, Curso 1, craig, 20 vacantes.
1003 - Algoritmos III, Curso 1, mallory, 20 vacantes.
1003 - Algoritmos III, Curso 2, eve, 20 vacantes.
1009 - Algoritmos IV: la batalla final, Curso 1, trudy, 10 vacantes.
Inscripci칩n exitosa.
Inscripci칩n exitosa.
La materia 1032 no es v치lida.
Inscripci칩n ya realizada.
1001 - Algoritmos I, Curso 1, craig.
1003 - Algoritmos III, Curso 2, eve.
1001 - Algoritmos I, Curso 1, craig, 19 vacantes.
1003 - Algoritmos III, Curso 1, mallory, 20 vacantes.
1003 - Algoritmos III, Curso 2, eve, 19 vacantes.
1009 - Algoritmos IV: la batalla final, Curso 1, trudy, 10 vacantes.
